// Jest Snapshot v1, https://goo.gl/fbAQLP

exports[`Columns should render correctly 1`] = `
Object {
  "asFragment": [Function],
  "baseElement": <body>
    <div
      id="col-1"
    >
      <div
        class="mikto-table-modal"
      >
        <div
          class="mikto-table-modal-title"
        >
          Columns
        </div>
        <div
          class="mikto-table-modal-body"
        >
          <div
            class="mikto-table-modal-line"
          >
            <input
              checked=""
              class="mikto-table-modal-check"
              data-testid="mikto-table-check-testid-0"
              type="checkbox"
            />
            <span
              class="mikto-table-modal-line-title"
            >
              ID
            </span>
          </div>
          <div
            class="mikto-table-modal-line"
          >
            <input
              checked=""
              class="mikto-table-modal-check"
              data-testid="mikto-table-check-testid-1"
              type="checkbox"
            />
            <span
              class="mikto-table-modal-line-title"
            >
              Name
            </span>
          </div>
          <div
            class="mikto-table-modal-line"
          >
            <input
              checked=""
              class="mikto-table-modal-check"
              data-testid="mikto-table-check-testid-2"
              type="checkbox"
            />
            <span
              class="mikto-table-modal-line-title"
            >
              #
            </span>
          </div>
          <div
            class="mikto-table-modal-line"
          >
            <input
              class="mikto-table-modal-check"
              data-testid="mikto-table-check-testid-3"
              type="checkbox"
            />
            <span
              class="mikto-table-modal-line-title"
            >
              Terms
            </span>
          </div>
        </div>
      </div>
    </div>
    <div />
  </body>,
  "container": <div />,
  "debug": [Function],
  "findAllByAltText": [Function],
  "findAllByDisplayValue": [Function],
  "findAllByLabelText": [Function],
  "findAllByPlaceholderText": [Function],
  "findAllByRole": [Function],
  "findAllByTestId": [Function],
  "findAllByText": [Function],
  "findAllByTitle": [Function],
  "findByAltText": [Function],
  "findByDisplayValue": [Function],
  "findByLabelText": [Function],
  "findByPlaceholderText": [Function],
  "findByRole": [Function],
  "findByTestId": [Function],
  "findByText": [Function],
  "findByTitle": [Function],
  "getAllByAltText": [Function],
  "getAllByDisplayValue": [Function],
  "getAllByLabelText": [Function],
  "getAllByPlaceholderText": [Function],
  "getAllByRole": [Function],
  "getAllByTestId": [Function],
  "getAllByText": [Function],
  "getAllByTitle": [Function],
  "getByAltText": [Function],
  "getByDisplayValue": [Function],
  "getByLabelText": [Function],
  "getByPlaceholderText": [Function],
  "getByRole": [Function],
  "getByTestId": [Function],
  "getByText": [Function],
  "getByTitle": [Function],
  "queryAllByAltText": [Function],
  "queryAllByDisplayValue": [Function],
  "queryAllByLabelText": [Function],
  "queryAllByPlaceholderText": [Function],
  "queryAllByRole": [Function],
  "queryAllByTestId": [Function],
  "queryAllByText": [Function],
  "queryAllByTitle": [Function],
  "queryByAltText": [Function],
  "queryByDisplayValue": [Function],
  "queryByLabelText": [Function],
  "queryByPlaceholderText": [Function],
  "queryByRole": [Function],
  "queryByTestId": [Function],
  "queryByText": [Function],
  "queryByTitle": [Function],
  "rerender": [Function],
  "unmount": [Function],
}
`;
