// Jest Snapshot v1, https://goo.gl/fbAQLP

exports[`Datagrid should render correctly 1`] = `
Object {
  "asFragment": [Function],
  "baseElement": <body>
    <div>
      <div
        style="width: 100%;"
      >
        <table
          id="grid1"
          style="width: 100%; background-color: rgb(255, 255, 255);"
        >
          <thead>
            <tr>
              <th
                class="mikto-header-sort"
                draggable="true"
                id="table-header-grid1-0"
                style="text-align: center;"
              >
                <span
                  style="width: 80%; cursor: pointer;"
                >
                  id
                </span>
                <span
                  class="mikto-grid-chevron down"
                  style="width: 20%; float: right; text-align: center;"
                />
              </th>
              <th
                class="mikto-header-sort"
                draggable="true"
                id="table-header-grid1-1"
                style="text-align: left;"
              >
                <span
                  style="width: 80%; cursor: pointer;"
                >
                  name
                </span>
                <span
                  class="mikto-grid-chevron down"
                  style="width: 20%; float: right; text-align: center;"
                />
              </th>
            </tr>
          </thead>
          <tbody>
            <tr
              class="mikto-table-row"
            >
              <td
                style="text-align: center;"
              >
                1
              </td>
              <td
                style="text-align: left;"
              >
                IGA 001
              </td>
            </tr>
            <tr
              class="mikto-table-row"
            >
              <td
                style="text-align: center;"
              >
                2
              </td>
              <td
                style="text-align: left;"
              >
                IGA 002
              </td>
            </tr>
            <tr
              class="mikto-table-row"
            >
              <td
                style="text-align: center;"
              >
                3
              </td>
              <td
                style="text-align: left;"
              >
                IGA 003
              </td>
            </tr>
          </tbody>
        </table>
        <div
          id="mikto-columns-grid1"
        />
        <div
          id="mikto-filter-grid1"
        />
      </div>
    </div>
  </body>,
  "container": <div>
    <div
      style="width: 100%;"
    >
      <table
        id="grid1"
        style="width: 100%; background-color: rgb(255, 255, 255);"
      >
        <thead>
          <tr>
            <th
              class="mikto-header-sort"
              draggable="true"
              id="table-header-grid1-0"
              style="text-align: center;"
            >
              <span
                style="width: 80%; cursor: pointer;"
              >
                id
              </span>
              <span
                class="mikto-grid-chevron down"
                style="width: 20%; float: right; text-align: center;"
              />
            </th>
            <th
              class="mikto-header-sort"
              draggable="true"
              id="table-header-grid1-1"
              style="text-align: left;"
            >
              <span
                style="width: 80%; cursor: pointer;"
              >
                name
              </span>
              <span
                class="mikto-grid-chevron down"
                style="width: 20%; float: right; text-align: center;"
              />
            </th>
          </tr>
        </thead>
        <tbody>
          <tr
            class="mikto-table-row"
          >
            <td
              style="text-align: center;"
            >
              1
            </td>
            <td
              style="text-align: left;"
            >
              IGA 001
            </td>
          </tr>
          <tr
            class="mikto-table-row"
          >
            <td
              style="text-align: center;"
            >
              2
            </td>
            <td
              style="text-align: left;"
            >
              IGA 002
            </td>
          </tr>
          <tr
            class="mikto-table-row"
          >
            <td
              style="text-align: center;"
            >
              3
            </td>
            <td
              style="text-align: left;"
            >
              IGA 003
            </td>
          </tr>
        </tbody>
      </table>
      <div
        id="mikto-columns-grid1"
      />
      <div
        id="mikto-filter-grid1"
      />
    </div>
  </div>,
  "debug": [Function],
  "findAllByAltText": [Function],
  "findAllByDisplayValue": [Function],
  "findAllByLabelText": [Function],
  "findAllByPlaceholderText": [Function],
  "findAllByRole": [Function],
  "findAllByTestId": [Function],
  "findAllByText": [Function],
  "findAllByTitle": [Function],
  "findByAltText": [Function],
  "findByDisplayValue": [Function],
  "findByLabelText": [Function],
  "findByPlaceholderText": [Function],
  "findByRole": [Function],
  "findByTestId": [Function],
  "findByText": [Function],
  "findByTitle": [Function],
  "getAllByAltText": [Function],
  "getAllByDisplayValue": [Function],
  "getAllByLabelText": [Function],
  "getAllByPlaceholderText": [Function],
  "getAllByRole": [Function],
  "getAllByTestId": [Function],
  "getAllByText": [Function],
  "getAllByTitle": [Function],
  "getByAltText": [Function],
  "getByDisplayValue": [Function],
  "getByLabelText": [Function],
  "getByPlaceholderText": [Function],
  "getByRole": [Function],
  "getByTestId": [Function],
  "getByText": [Function],
  "getByTitle": [Function],
  "queryAllByAltText": [Function],
  "queryAllByDisplayValue": [Function],
  "queryAllByLabelText": [Function],
  "queryAllByPlaceholderText": [Function],
  "queryAllByRole": [Function],
  "queryAllByTestId": [Function],
  "queryAllByText": [Function],
  "queryAllByTitle": [Function],
  "queryByAltText": [Function],
  "queryByDisplayValue": [Function],
  "queryByLabelText": [Function],
  "queryByPlaceholderText": [Function],
  "queryByRole": [Function],
  "queryByTestId": [Function],
  "queryByText": [Function],
  "queryByTitle": [Function],
  "rerender": [Function],
  "unmount": [Function],
}
`;
