// Jest Snapshot v1, https://goo.gl/fbAQLP

exports[`Tabs should handle click 1`] = `
<div>
  <div
    class="tabs"
  >
    <ol
      class="tab-list"
    >
      <li
        class="tab-list-item"
      >
        tab1
      </li>
      <li
        class="tab-list-item"
      >
        tab2
      </li>
    </ol>
    <div
      class="tab-content"
    />
  </div>
</div>
`;

exports[`Tabs should render correctly 1`] = `
<div>
  <div
    class="tabs"
  >
    <ol
      class="tab-list"
    >
      <li
        class="tab-list-item"
      >
        tab1
      </li>
      <li
        class="tab-list-item"
      >
        tab2
      </li>
    </ol>
    <div
      class="tab-content"
    />
  </div>
</div>
`;
